
Allocating common symbols
Common symbol       size              file

AM_state_id         0x1               main.o
AM_state            0x4               alarm_monitor.o
PS_state            0x4               pressure_sensor.o
HPD_PVal            0x4               main_algorithm.o
PS_Val              0x4               pressure_sensor.o
HP_state_id         0x1               main.o
PS_state_id         0x1               main.o
HPD_state           0x4               main_algorithm.o

Memory Configuration

Name             Origin             Length             Attributes
flash            0x08000000         0x00020000         xr
sram             0x20000000         0x00005000         xrw
*default*        0x00000000         0xffffffff

Linker script and memory map


.text           0x08000000      0x2dc
 *(.vectors*)
 .vectors       0x08000000       0x1c startup.o
                0x08000000                vectors
 *(.text*)
 .text          0x0800001c       0x90 startup.o
                0x0800001c                H_Fault_Handler
                0x0800001c                MM_Fault_Handler
                0x0800001c                Bus_Handler
                0x0800001c                Default_Handler
                0x0800001c                Usage_Fault_Handler
                0x0800001c                NMI_Handler
                0x08000028                Reset_Handler
 .text          0x080000ac       0x60 main.o
                0x080000ac                setup
                0x080000e4                main
 .text          0x0800010c       0x74 main_algorithm.o
                0x0800010c                Set_Pressure_Val
                0x08000138                ST_HP_Detect
 .text          0x08000180       0x60 pressure_sensor.o
                0x08000180                ST_PS_reading
                0x080001b8                ST_PS_waiting
 .text          0x080001e0       0xc4 driver.o
                0x080001e0                Delay
                0x08000200                getPressureVal
                0x08000218                Set_Alarm_actuator
                0x08000254                GPIO_INITIALIZATION
 .text          0x080002a4       0x38 alarm_monitor.o
                0x080002a4                ST_Alarm_ON
                0x080002cc                ST_Alarm_OFF
 *(.rodata)
                0x080002dc                _E_text = .

.glue_7         0x080002dc        0x0
 .glue_7        0x080002dc        0x0 linker stubs

.glue_7t        0x080002dc        0x0
 .glue_7t       0x080002dc        0x0 linker stubs

.vfp11_veneer   0x080002dc        0x0
 .vfp11_veneer  0x080002dc        0x0 linker stubs

.v4_bx          0x080002dc        0x0
 .v4_bx         0x080002dc        0x0 linker stubs

.iplt           0x080002dc        0x0
 .iplt          0x080002dc        0x0 startup.o

.rel.dyn        0x080002dc        0x0
 .rel.iplt      0x080002dc        0x0 startup.o

.data           0x20000000        0x4 load address 0x080002dc
                0x20000000                _S_data = .
 *(.data)
 .data          0x20000000        0x0 startup.o
 .data          0x20000000        0x0 main.o
 .data          0x20000000        0x4 main_algorithm.o
                0x20000000                HPD_threshold
 .data          0x20000004        0x0 pressure_sensor.o
 .data          0x20000004        0x0 driver.o
 .data          0x20000004        0x0 alarm_monitor.o
                0x20000004                _E_data = .

.igot.plt       0x20000004        0x0 load address 0x080002e0
 .igot.plt      0x20000004        0x0 startup.o

.bss            0x20000004     0x1018 load address 0x080002e0
                0x20000004                _S_bss = .
 *(.bss*)
 .bss           0x20000004        0x0 startup.o
 .bss           0x20000004        0x0 main.o
 .bss           0x20000004        0x0 main_algorithm.o
 .bss           0x20000004        0x0 pressure_sensor.o
 .bss           0x20000004        0x0 driver.o
 .bss           0x20000004        0x0 alarm_monitor.o
                0x20000004                . = ALIGN (0x4)
                0x20000004                _E_bss = .
                0x20000004                . = ALIGN (0x4)
                0x20001004                . = (. + 0x1000)
 *fill*         0x20000004     0x1000 
 COMMON         0x20001004        0x3 main.o
                0x20001004                AM_state_id
                0x20001005                HP_state_id
                0x20001006                PS_state_id
 *fill*         0x20001007        0x1 
 COMMON         0x20001008        0x8 main_algorithm.o
                0x20001008                HPD_PVal
                0x2000100c                HPD_state
 COMMON         0x20001010        0x8 pressure_sensor.o
                0x20001010                PS_state
                0x20001014                PS_Val
 COMMON         0x20001018        0x4 alarm_monitor.o
                0x20001018                AM_state
                0x2000101c                stack_top = .
LOAD startup.o
LOAD main.o
LOAD main_algorithm.o
LOAD pressure_sensor.o
LOAD driver.o
LOAD alarm_monitor.o
OUTPUT(Pressure_Controller_Cortex_M3.elf elf32-littlearm)

.debug_info     0x00000000     0x352b
 .debug_info    0x00000000      0x16c startup.o
 .debug_info    0x0000016c      0xa55 main.o
 .debug_info    0x00000bc1      0xa92 main_algorithm.o
 .debug_info    0x00001653      0xa70 pressure_sensor.o
 .debug_info    0x000020c3      0xa0a driver.o
 .debug_info    0x00002acd      0xa5e alarm_monitor.o

.debug_abbrev   0x00000000      0xa05
 .debug_abbrev  0x00000000       0xc2 startup.o
 .debug_abbrev  0x000000c2      0x1d6 main.o
 .debug_abbrev  0x00000298      0x1f2 main_algorithm.o
 .debug_abbrev  0x0000048a      0x1cb pressure_sensor.o
 .debug_abbrev  0x00000655      0x1e5 driver.o
 .debug_abbrev  0x0000083a      0x1cb alarm_monitor.o

.debug_loc      0x00000000      0x34c
 .debug_loc     0x00000000       0x7c startup.o
 .debug_loc     0x0000007c       0x58 main.o
 .debug_loc     0x000000d4       0x88 main_algorithm.o
 .debug_loc     0x0000015c       0x58 pressure_sensor.o
 .debug_loc     0x000001b4      0x140 driver.o
 .debug_loc     0x000002f4       0x58 alarm_monitor.o

.debug_aranges  0x00000000       0xc0
 .debug_aranges
                0x00000000       0x20 startup.o
 .debug_aranges
                0x00000020       0x20 main.o
 .debug_aranges
                0x00000040       0x20 main_algorithm.o
 .debug_aranges
                0x00000060       0x20 pressure_sensor.o
 .debug_aranges
                0x00000080       0x20 driver.o
 .debug_aranges
                0x000000a0       0x20 alarm_monitor.o

.debug_line     0x00000000      0x8af
 .debug_line    0x00000000      0x13e startup.o
 .debug_line    0x0000013e      0x172 main.o
 .debug_line    0x000002b0      0x16d main_algorithm.o
 .debug_line    0x0000041d      0x16f pressure_sensor.o
 .debug_line    0x0000058c      0x1b9 driver.o
 .debug_line    0x00000745      0x16a alarm_monitor.o

.debug_str      0x00000000      0x6c4
 .debug_str     0x00000000      0x1c0 startup.o
                                0x1fd (size before relaxing)
 .debug_str     0x000001c0      0x40f main.o
                                0x5dc (size before relaxing)
 .debug_str     0x000005cf       0x4b main_algorithm.o
                                0x615 (size before relaxing)
 .debug_str     0x0000061a       0x35 pressure_sensor.o
                                0x5ff (size before relaxing)
 .debug_str     0x0000064f       0x4c driver.o
                                0x5b7 (size before relaxing)
 .debug_str     0x0000069b       0x29 alarm_monitor.o
                                0x5f3 (size before relaxing)

.comment        0x00000000       0x7e
 .comment       0x00000000       0x7e startup.o
                                 0x7f (size before relaxing)
 .comment       0x0000007e       0x7f main.o
 .comment       0x0000007e       0x7f main_algorithm.o
 .comment       0x0000007e       0x7f pressure_sensor.o
 .comment       0x0000007e       0x7f driver.o
 .comment       0x0000007e       0x7f alarm_monitor.o

.ARM.attributes
                0x00000000       0x33
 .ARM.attributes
                0x00000000       0x33 startup.o
 .ARM.attributes
                0x00000033       0x33 main.o
 .ARM.attributes
                0x00000066       0x33 main_algorithm.o
 .ARM.attributes
                0x00000099       0x33 pressure_sensor.o
 .ARM.attributes
                0x000000cc       0x33 driver.o
 .ARM.attributes
                0x000000ff       0x33 alarm_monitor.o

.debug_frame    0x00000000      0x21c
 .debug_frame   0x00000000       0x50 startup.o
 .debug_frame   0x00000050       0x48 main.o
 .debug_frame   0x00000098       0x54 main_algorithm.o
 .debug_frame   0x000000ec       0x48 pressure_sensor.o
 .debug_frame   0x00000134       0xa0 driver.o
 .debug_frame   0x000001d4       0x48 alarm_monitor.o
