
Allocating common symbols
Common symbol       size              file

bss_var             0x1               app.o

Memory Configuration

Name             Origin             Length             Attributes
flash            0x08000000         0x00020000         xr
sram             0x20000000         0x00005000         xrw
*default*        0x00000000         0xffffffff

Linker script and memory map


.text           0x08000000       0xdb
 *(.vectors*)
 .vectors       0x08000000       0x50 startup.o
 *(.text*)
 .text          0x08000050       0x7c app.o
                0x08000050                main
 .text          0x080000cc        0xa startup.o
 *(.rodata)
 *fill*         0x080000d6        0x2 
 .rodata        0x080000d8        0x3 app.o
                0x080000d8                const_variable
                0x080000db                _E_text = .

.glue_7         0x080000dc        0x0
 .glue_7        0x080000dc        0x0 linker stubs

.glue_7t        0x080000dc        0x0
 .glue_7t       0x080000dc        0x0 linker stubs

.vfp11_veneer   0x080000dc        0x0
 .vfp11_veneer  0x080000dc        0x0 linker stubs

.v4_bx          0x080000dc        0x0
 .v4_bx         0x080000dc        0x0 linker stubs

.iplt           0x080000dc        0x0
 .iplt          0x080000dc        0x0 app.o

.rel.dyn        0x080000dc        0x0
 .rel.iplt      0x080000dc        0x0 app.o

.data           0x20000000        0x7 load address 0x080000db
                0x20000000                _S_data = .
 *(.data)
 .data          0x20000000        0x7 app.o
                0x20000000                R_ODR
                0x20000004                g_variable
 .data          0x20000007        0x0 startup.o
                0x20000007                _E_data = .

.igot.plt       0x20000008        0x0 load address 0x080000e2
 .igot.plt      0x20000008        0x0 app.o

.bss            0x20000007     0x1002 load address 0x080000e2
                0x20000007                _S_bss = .
 *(.bss*)
 .bss           0x20000007        0x0 app.o
 .bss           0x20000007        0x0 startup.o
                0x20000008                . = ALIGN (0x4)
 *fill*         0x20000007        0x1 
                0x20000008                _E_bss = .
                0x20000008                . = ALIGN (0x4)
                0x20001008                . = (. + 0x1000)
 *fill*         0x20000008     0x1000 
 COMMON         0x20001008        0x1 app.o
                0x20001008                bss_var
                0x20001009                stack_top = .
LOAD app.o
LOAD startup.o
OUTPUT(learn_in_depth_cotrex_m3.elf elf32-littlearm)

.debug_info     0x00000000      0xac8
 .debug_info    0x00000000      0xaa2 app.o
 .debug_info    0x00000aa2       0x26 startup.o

.debug_abbrev   0x00000000      0x1eb
 .debug_abbrev  0x00000000      0x1d7 app.o
 .debug_abbrev  0x000001d7       0x14 startup.o

.debug_loc      0x00000000       0x38
 .debug_loc     0x00000000       0x38 app.o

.debug_aranges  0x00000000       0x40
 .debug_aranges
                0x00000000       0x20 app.o
 .debug_aranges
                0x00000020       0x20 startup.o

.debug_line     0x00000000      0x1f4
 .debug_line    0x00000000      0x1b9 app.o
 .debug_line    0x000001b9       0x3b startup.o

.debug_str      0x00000000      0x551
 .debug_str     0x00000000      0x538 app.o
                                0x599 (size before relaxing)
 .debug_str     0x00000538       0x19 startup.o
                                 0x6e (size before relaxing)

.comment        0x00000000       0x7e
 .comment       0x00000000       0x7e app.o
                                 0x7f (size before relaxing)

.ARM.attributes
                0x00000000       0x31
 .ARM.attributes
                0x00000000       0x33 app.o
 .ARM.attributes
                0x00000033       0x21 startup.o

.debug_frame    0x00000000       0x2c
 .debug_frame   0x00000000       0x2c app.o
